--------------------------------------------------------------------------------
Release 13.1 Trace  (nt)
Copyright (c) 1995-2011 Xilinx, Inc.  All rights reserved.

C:\Xilinx\13.1\ISE_DS\ISE\bin\nt\unwrapped\trce.exe -intstyle ise -v 3 -s 4 -n
3 -fastpaths -xml multi1.twx multi1.ncd -o multi1.twr multi1.pcf

Design file:              multi1.ncd
Physical constraint file: multi1.pcf
Device,package,speed:     xc3s1000,ft256,-4 (PRODUCTION 1.39 2011-02-03)
Report level:             verbose report

Environment Variable      Effect 
--------------------      ------ 
NONE                      No environment variables were set
--------------------------------------------------------------------------------

INFO:Timing:2698 - No timing constraints found, doing default enumeration.
INFO:Timing:2752 - To get complete path coverage, use the unconstrained paths 
   option. All paths that are not constrained will be reported in the 
   unconstrained paths section(s) of the report.
INFO:Timing:3339 - The clock-to-out numbers in this timing report are based on 
   a 50 Ohm transmission line loading model.  For the details of this model, 
   and for more information on accounting for different loading conditions, 
   please see the device datasheet.
INFO:Timing:3390 - This architecture does not support a default System Jitter 
   value, please add SYSTEM_JITTER constraint to the UCF to modify the Clock 
   Uncertainty calculation.
INFO:Timing:3389 - This architecture does not support 'Discrete Jitter' and 
   'Phase Error' calculations, these terms will be zero in the Clock 
   Uncertainty calculation.  Please make appropriate modification to 
   SYSTEM_JITTER to account for the unsupported Discrete Jitter and Phase 
   Error.



Data Sheet report:
-----------------
All values displayed in nanoseconds (ns)

Pad to Pad
---------------+---------------+---------+
Source Pad     |Destination Pad|  Delay  |
---------------+---------------+---------+
a              |s<0>           |   11.300|
a              |s<1>           |   12.027|
a              |s<2>           |   10.429|
a              |s<3>           |   10.930|
a              |s<4>           |   11.499|
a              |s<5>           |   10.679|
a              |s<6>           |   11.776|
b              |s<0>           |   10.905|
b              |s<1>           |   11.614|
b              |s<2>           |   10.034|
b              |s<3>           |   10.649|
b              |s<4>           |   11.177|
b              |s<5>           |   10.242|
b              |s<6>           |   11.339|
c              |s<0>           |   11.506|
c              |s<1>           |   11.800|
c              |s<2>           |   10.635|
c              |s<3>           |   11.727|
c              |s<4>           |   11.357|
c              |s<5>           |   10.765|
c              |s<6>           |   11.862|
d              |s<0>           |   12.025|
d              |s<1>           |   12.391|
d              |s<2>           |   11.154|
d              |s<3>           |   12.630|
d              |s<4>           |   11.878|
d              |s<5>           |   11.483|
d              |s<6>           |   12.580|
---------------+---------------+---------+


Analysis completed Fri Apr 19 12:40:03 2024 
--------------------------------------------------------------------------------

Trace Settings:
-------------------------
Trace Settings 

Peak Memory Usage: 85 MB



