MO tops NULL tops.v vlg1E/tops.bin 1725895989
MO bin_2_7 NULL bin_2_7.v vlg14/bin__2__7.bin 1725895989
MO secondcounter NULL singleseconds.v vlg7C/secondcounter.bin 1725895989
MO tenthsofseconds NULL singleseconds.v vlg52/tenthsofseconds.bin 1725895988
MO OneHertz NULL cnt25.v vlg23/_one_hertz.bin 1725895989
MO cnt25 NULL cnt25.v vlg6C/cnt25.bin 1725895989
MO cnt8b NULL cnt25.v vlg37/cnt8b.bin 1725895989
MO singleseconds NULL singleseconds.v vlg55/singleseconds.bin 1725895988
